export const snapshot = {};

snapshot[`ESM only 1`] = `
"# Audit report

"
`;
