export const snapshot = {};

snapshot[`Match (before) 1`] = `
[
  [
    "@hono/hono",
    "4.6.14",
    [
      "< 4.6.5",
      "< 4.5.8",
      "< 4.2.7",
      "<3.11.6",
    ],
  ],
  [
    "@std/bytes",
    "1.0.4",
    [
      "<= 1.0.10",
    ],
  ],
  [
    "std",
    "0.214.0",
    [
      "<= 1.0.10",
    ],
  ],
  [
    "@babel/helper-string-parser",
    "7.25.9",
    [
      "<= 7.23.0",
      "8.0.0-alpha.0 - 8.0.0-alpha.3",
      "*",
    ],
  ],
  [
    "@esbuild/aix-ppc64",
    "0.21.5",
    [
      "<=0.24.2",
    ],
  ],
  [
    "@rollup/rollup-android-arm-eabi",
    "4.30.0",
    [
      ">=0.59.0 <2.79.2 || >=3.0.0 <3.29.5 || >=4.0.0 <4.22.4",
    ],
  ],
  [
    "vite",
    "5.4.11",
    [
      ">=6.0.0, <=6.0.8",
      ">=5.0.0, <=5.4.11",
      "<=4.5.5",
      ">=5.4.0, <=5.4.5",
      ">=5.3.0, <=5.3.5",
      ">=5.1.0, <=5.2.13",
      ">=5.0.0, <=5.1.7",
      ">=4.0.0, <=4.5.3",
      "<=3.2.10",
      ">=5.4.0, <=5.4.5",
      ">=5.3.0, <=5.3.5",
      ">=5.0.0, <=5.2.13",
      ">=5.0.0, <=5.1.7",
      ">=4.0.0, <=4.5.3",
      "<=3.2.10",
      ">=2.7.0, <= 2.9.17",
      ">=3.0.0, <=3.2.8",
      ">=4.0.0, <=4.5.2",
      ">=5.0.0, <=5.0.12",
      ">=5.1.0, <=5.1.6",
      ">=5.2.0, <=5.2.5",
      ">=2.7.0 <=2.9.16",
      ">=3.0.0 <=3.2.7",
      ">=4.0.0 <=4.5.1",
      ">=5.0.0 <=5.0.11",
      ">=4.4.0 <=4.4.11",
      "4.5.0",
      ">=5.0.0 <=5.0.4",
      "2.9.15",
      ">=3.0.2 <=3.2.6",
      ">=4.0.0 <=4.0.4",
      ">=4.1.0 <=4.1.4",
      ">=4.2.0 <=4.2.2",
      ">=4.3.0 <=4.3.8",
    ],
  ],
  [
    "body-parser",
    "1.20.2",
    [
      "<1.20.3",
    ],
  ],
  [
    "cookie",
    "0.6.0",
    [
      "<0.7.0",
    ],
  ],
  [
    "express",
    "4.19.1",
    [
      "<4.20.0",
      ">=5.0.0-alpha.1, <5.0.0",
      "<4.19.2",
      ">=5.0.0-alpha.1, <5.0.0-beta.3",
    ],
  ],
  [
    "moment",
    "2.30.1",
    [
      ">= 2.18.0, < 2.29.4",
      ">= 2.18.0, < 2.29.4",
      "< 2.29.2",
      "< 2.29.2",
    ],
  ],
  [
    "path-to-regexp",
    "0.1.7",
    [
      "<0.1.12",
      ">=7.0.0, <8.0.0",
      ">=0.2.0,<1.9.0",
      "<0.1.10",
      ">=2.0.0, <3.3.0",
      ">=4.0.0, <6.3.0",
    ],
  ],
  [
    "send",
    "0.18.0",
    [
      "< 0.19.0",
    ],
  ],
  [
    "serve-static",
    "1.15.0",
    [
      "< 1.16.0",
      ">=2.0.0, <2.1.0",
    ],
  ],
  [
    "superjson",
    "2.2.2",
    [
      "< 1.8.1",
      "< 0.45.3",
    ],
  ],
  [
    "zrender",
    "5.6.0",
    [
      "<= 5.2.0, <= 4.3.2",
    ],
  ],
]
`;
