export const snapshot = {};

snapshot[`deno-lock 1`] = `
"# Audit report

## @hono/hono 4.6.4 \`jsr\`

\`\`\`
Title: Bypass CSRF Middleware by a request without Content-Type header
Severity: medium
Published: 2024-10-15
Details: https://github.com/advisories
CVE: CVE-2049-12345
CWE: CWE-352: Cross-Site Request Forgery (CSRF)
GHSA: GHSA-1234-asd7-89fg

Affected package: hono (other)
Affected versions: >=0.1.0
Patched versions: N/A
\`\`\`
\`\`\`
Title: Bypass CSRF Middleware by a request without Content-Type header
Severity: medium
Published: 2024-10-15
Details: https://github.com/advisories
CVE: CVE-2049-12345
CWE: CWE-352: Cross-Site Request Forgery (CSRF)
GHSA: GHSA-1234-asd7-89fg

Affected package: http (other)
Affected versions: >=0.1.0
Patched versions: N/A
\`\`\`

## @nashaddams/amqp 1.0.0 \`jsr\`

\`\`\`
Title: Bypass CSRF Middleware by a request without Content-Type header
Severity: medium
Published: 2024-10-15
Details: https://github.com/advisories
CVE: CVE-2049-12345
CWE: CWE-352: Cross-Site Request Forgery (CSRF)
GHSA: GHSA-1234-asd7-89fg

Affected package: amqp (other)
Affected versions: >=0.1.0
Patched versions: N/A
\`\`\`

## postgres v0.19.3 \`denoland\`

\`\`\`
Title: Bypass CSRF Middleware by a request without Content-Type header
Severity: medium
Published: 2024-10-15
Details: https://github.com/advisories
CVE: CVE-2049-12345
CWE: CWE-352: Cross-Site Request Forgery (CSRF)
GHSA: GHSA-1234-asd7-89fg

Affected package: postgres (other)
Affected versions: >=0.1.0
Patched versions: N/A
\`\`\`

## axios 1.7.1 \`npm\`

\`\`\`
Title: Bypass CSRF Middleware by a request without Content-Type header
Severity: medium
Published: 2024-10-15
Details: https://github.com/advisories
CVE: CVE-2049-12345
CWE: CWE-352: Cross-Site Request Forgery (CSRF)
GHSA: GHSA-1234-asd7-89fg

Affected package: axios (npm)
Affected versions: >=0.1.0
Patched versions: N/A
\`\`\`

## echarts 5.5.1 \`esm\`

\`\`\`
Title: Bypass CSRF Middleware by a request without Content-Type header
Severity: medium
Published: 2024-10-15
Details: https://github.com/advisories
CVE: CVE-2049-12345
CWE: CWE-352: Cross-Site Request Forgery (CSRF)
GHSA: GHSA-1234-asd7-89fg

Affected package: echarts (npm)
Affected versions: >=0.1.0
Patched versions: N/A
\`\`\`
"
`;
