export const snapshot = {};

snapshot[`deno.land 1`] = `
"# Audit report

## postgres v0.19.3 \`denoland\`

\`\`\`
Title: Bypass CSRF Middleware by a request without Content-Type header
Severity: medium
Published: 2024-10-15
Details: https://github.com
CVE: CVE-2024-48913
CWE: CWE-352: Cross-Site Request Forgery (CSRF)
GHSA: GHSA-2234-fmw7-43wr

Affected package: postgres (other)
Affected versions: 0.19.3
Patched versions: N/A
\`\`\`
"
`;
