export const snapshot = {};

snapshot[`ESM 1`] = `
"# Audit report

## echarts 5.5.1 \`esm\`

\`\`\`
Title: Bypass CSRF Middleware by a request without Content-Type header
Severity: medium
Published: 2024-10-15
Details: https://github.com
CVE: CVE-2024-48913
CWE: CWE-352: Cross-Site Request Forgery (CSRF)
GHSA: GHSA-2234-fmw7-43wr

Affected package: echarts (npm)
Affected versions: 5.5.1
Patched versions: N/A
\`\`\`
"
`;
