export const snapshot = {};

snapshot[`ignore 1`] = `
"# Audit report

"
`;
